// Jest Snapshot v1, https://goo.gl/fbAQLP

exports[`Button component renders initial layout 1`] = `
Array [
  <Button>
    Confirm
  </Button>,
]
`;
